2026-08-24 07:45:35,596 INFO app: starting tracker symbols=['BTCUSDT']
2026-08-24 07:45:35,697 INFO app: calibration symbol=BTCUSDT interval=1m rows=200
2026-08-24 07:45:35,776 INFO app: calibration symbol=BTCUSDT interval=3m rows=200
2026-08-24 07:45:35,855 INFO app: calibration symbol=BTCUSDT interval=5m rows=200
2026-08-24 07:45:35,936 INFO app: calibration symbol=BTCUSDT interval=15m rows=200
2026-08-24 07:45:36,014 INFO app: calibration symbol=BTCUSDT interval=30m rows=200
2026-08-24 07:45:36,015 INFO app: WebSocket connected symbols=['BTCUSDT']
2026-08-24 07:45:36,095 INFO app: calibration symbol=BTCUSDT interval=1h rows=200
2026-08-24 07:45:36,179 INFO app: calibration symbol=BTCUSDT interval=2h rows=200
2026-08-24 07:45:36,262 INFO app: calibration symbol=BTCUSDT interval=4h rows=200
2026-08-24 07:45:36,341 INFO app: calibration symbol=BTCUSDT interval=6h rows=200
2026-08-24 07:45:36,424 INFO app: calibration symbol=BTCUSDT interval=8h rows=200
2026-08-24 07:45:36,502 INFO app: calibration symbol=BTCUSDT interval=12h rows=200
2026-08-24 07:45:36,583 INFO app: calibration symbol=BTCUSDT interval=1d rows=200
2026-08-24 07:45:36,662 INFO app: calibration symbol=BTCUSDT interval=3d rows=200
2026-08-24 07:45:36,741 INFO app: calibration symbol=BTCUSDT interval=1w rows=200
2026-08-24 07:45:36,817 INFO app: calibration symbol=BTCUSDT interval=1M rows=109
2026-08-24 07:45:36,818 INFO app: tracking symbols=['BTCUSDT']
2026-08-24 07:45:36,895 INFO app: calibration symbol=BTCUSDT interval=1m rows=200
2026-08-24 07:45:36,973 INFO app: calibration symbol=BTCUSDT interval=3m rows=200
2026-08-24 07:45:37,050 INFO app: calibration symbol=BTCUSDT interval=5m rows=200
2026-08-24 07:45:37,128 INFO app: calibration symbol=BTCUSDT interval=15m rows=200
2026-08-24 07:45:37,204 INFO app: calibration symbol=BTCUSDT interval=30m rows=200
2026-08-24 07:45:37,283 INFO app: calibration symbol=BTCUSDT interval=1h rows=200
2026-08-24 07:45:37,360 INFO app: calibration symbol=BTCUSDT interval=2h rows=200
2026-08-24 07:45:37,439 INFO app: calibration symbol=BTCUSDT interval=4h rows=200
2026-08-24 07:45:37,518 INFO app: calibration symbol=BTCUSDT interval=6h rows=200
2026-08-24 07:45:37,597 INFO app: calibration symbol=BTCUSDT interval=8h rows=200
2026-08-24 07:45:37,673 INFO app: calibration symbol=BTCUSDT interval=12h rows=200
2026-08-24 07:45:37,751 INFO app: calibration symbol=BTCUSDT interval=1d rows=200
2026-08-24 07:45:37,830 INFO app: calibration symbol=BTCUSDT interval=3d rows=200
2026-08-24 07:45:37,908 INFO app: calibration symbol=BTCUSDT interval=1w rows=200
2026-08-24 07:45:37,983 INFO app: calibration symbol=BTCUSDT interval=1M rows=109
2026-08-24 07:46:22,723 INFO app: starting tracker symbols=['BTCUSDT']
2026-08-24 07:46:22,821 INFO app: calibration symbol=BTCUSDT interval=1m rows=200
2026-08-24 07:46:22,900 INFO app: calibration symbol=BTCUSDT interval=3m rows=200
2026-08-24 07:46:22,943 INFO app: WebSocket connected symbols=['BTCUSDT']
2026-08-24 07:46:22,979 INFO app: calibration symbol=BTCUSDT interval=5m rows=200
2026-08-24 07:46:23,059 INFO app: calibration symbol=BTCUSDT interval=15m rows=200
2026-08-24 07:46:23,139 INFO app: calibration symbol=BTCUSDT interval=30m rows=200
2026-08-24 07:46:23,217 INFO app: calibration symbol=BTCUSDT interval=1h rows=200
2026-08-24 07:46:23,298 INFO app: calibration symbol=BTCUSDT interval=2h rows=200
2026-08-24 07:46:23,376 INFO app: calibration symbol=BTCUSDT interval=4h rows=200
2026-08-24 07:46:23,457 INFO app: calibration symbol=BTCUSDT interval=6h rows=200
2026-08-24 07:46:23,536 INFO app: calibration symbol=BTCUSDT interval=8h rows=200
2026-08-24 07:46:23,613 INFO app: calibration symbol=BTCUSDT interval=12h rows=200
2026-08-24 07:46:23,693 INFO app: calibration symbol=BTCUSDT interval=1d rows=200
2026-08-24 07:46:23,775 INFO app: calibration symbol=BTCUSDT interval=3d rows=200
2026-08-24 07:46:23,857 INFO app: calibration symbol=BTCUSDT interval=1w rows=200
2026-08-24 07:46:23,934 INFO app: calibration symbol=BTCUSDT interval=1M rows=109
2026-08-24 07:46:23,934 INFO app: tracking symbols=['BTCUSDT']
2026-08-24 07:46:24,012 INFO app: calibration symbol=BTCUSDT interval=1m rows=200
2026-08-24 07:46:24,094 INFO app: calibration symbol=BTCUSDT interval=3m rows=200
2026-08-24 07:46:24,173 INFO app: calibration symbol=BTCUSDT interval=5m rows=200
2026-08-24 07:46:24,251 INFO app: calibration symbol=BTCUSDT interval=15m rows=200
2026-08-24 07:46:24,331 INFO app: calibration symbol=BTCUSDT interval=30m rows=200
2026-08-24 07:46:24,409 INFO app: calibration symbol=BTCUSDT interval=1h rows=200
2026-08-24 07:46:24,623 INFO app: calibration symbol=BTCUSDT interval=2h rows=200
2026-08-24 07:46:24,701 INFO app: calibration symbol=BTCUSDT interval=4h rows=200
2026-08-24 07:46:24,985 INFO app: calibration symbol=BTCUSDT interval=6h rows=200
2026-08-24 07:46:25,195 INFO app: calibration symbol=BTCUSDT interval=8h rows=200
2026-08-24 07:46:25,411 INFO app: calibration symbol=BTCUSDT interval=12h rows=200
2026-08-24 07:46:25,631 INFO app: calibration symbol=BTCUSDT interval=1d rows=200
2026-08-24 07:46:25,709 INFO app: calibration symbol=BTCUSDT interval=3d rows=200
2026-08-24 07:46:25,990 INFO app: calibration symbol=BTCUSDT interval=1w rows=200
2026-08-24 07:46:26,067 INFO app: calibration symbol=BTCUSDT interval=1M rows=109
2026-08-24 07:48:43,284 INFO app: starting tracker symbols=['BTCUSDT']
2026-08-24 07:48:43,396 INFO app: calibration symbol=BTCUSDT interval=1m rows=200
2026-08-24 07:48:43,477 INFO app: calibration symbol=BTCUSDT interval=3m rows=200
2026-08-24 07:48:43,556 INFO app: calibration symbol=BTCUSDT interval=5m rows=200
2026-08-24 07:48:43,557 INFO app: WebSocket connected symbols=['BTCUSDT']
2026-08-24 07:48:43,637 INFO app: calibration symbol=BTCUSDT interval=15m rows=200
2026-08-24 07:48:43,718 INFO app: calibration symbol=BTCUSDT interval=30m rows=200
2026-08-24 07:48:43,799 INFO app: calibration symbol=BTCUSDT interval=1h rows=200
2026-08-24 07:48:43,881 INFO app: calibration symbol=BTCUSDT interval=2h rows=200
2026-08-24 07:48:43,959 INFO app: calibration symbol=BTCUSDT interval=4h rows=200
2026-08-24 07:48:44,037 INFO app: calibration symbol=BTCUSDT interval=6h rows=200
2026-08-24 07:48:44,114 INFO app: calibration symbol=BTCUSDT interval=8h rows=200
2026-08-24 07:48:44,190 INFO app: calibration symbol=BTCUSDT interval=12h rows=200
2026-08-24 07:48:44,274 INFO app: calibration symbol=BTCUSDT interval=1d rows=200
2026-08-24 07:48:44,353 INFO app: calibration symbol=BTCUSDT interval=3d rows=200
2026-08-24 07:48:44,431 INFO app: calibration symbol=BTCUSDT interval=1w rows=200
2026-08-24 07:48:44,505 INFO app: calibration symbol=BTCUSDT interval=1M rows=109
2026-08-24 07:48:44,506 INFO app: tracking symbols=['BTCUSDT']
2026-08-24 07:48:44,582 INFO app: calibration symbol=BTCUSDT interval=1m rows=200
2026-08-24 07:48:44,659 INFO app: calibration symbol=BTCUSDT interval=3m rows=200
2026-08-24 07:48:44,735 INFO app: calibration symbol=BTCUSDT interval=5m rows=200
2026-08-24 07:48:44,812 INFO app: calibration symbol=BTCUSDT interval=15m rows=200
2026-08-24 07:48:44,888 INFO app: calibration symbol=BTCUSDT interval=30m rows=200
2026-08-24 07:48:44,965 INFO app: calibration symbol=BTCUSDT interval=1h rows=200
2026-08-24 07:48:45,043 INFO app: calibration symbol=BTCUSDT interval=2h rows=200
2026-08-24 07:48:45,121 INFO app: calibration symbol=BTCUSDT interval=4h rows=200
2026-08-24 07:48:45,199 INFO app: calibration symbol=BTCUSDT interval=6h rows=200
2026-08-24 07:48:45,285 INFO app: calibration symbol=BTCUSDT interval=8h rows=200
2026-08-24 07:48:45,362 INFO app: calibration symbol=BTCUSDT interval=12h rows=200
2026-08-24 07:48:45,446 INFO app: calibration symbol=BTCUSDT interval=1d rows=200
2026-08-24 07:48:45,525 INFO app: calibration symbol=BTCUSDT interval=3d rows=200
2026-08-24 07:48:45,606 INFO app: calibration symbol=BTCUSDT interval=1w rows=200
2026-08-24 07:48:45,682 INFO app: calibration symbol=BTCUSDT interval=1M rows=109
2026-08-24 07:49:18,091 INFO app: starting tracker symbols=['BNBUSDT', 'BTCUSDT']
2026-08-24 07:49:18,860 INFO app: calibration symbol=BTCUSDT interval=1m rows=200
2026-08-24 07:49:18,949 INFO app: calibration symbol=BTCUSDT interval=3m rows=200
2026-08-24 07:49:18,991 INFO app: WebSocket connected symbols=['BNBUSDT', 'BTCUSDT']
2026-08-24 07:49:19,017 INFO app: calibration symbol=BNBUSDT interval=1m rows=200
2026-08-24 07:49:19,035 INFO app: calibration symbol=BTCUSDT interval=5m rows=200
2026-08-24 07:49:19,106 INFO app: calibration symbol=BNBUSDT interval=3m rows=200
2026-08-24 07:49:19,123 INFO app: calibration symbol=BTCUSDT interval=15m rows=200
2026-08-24 07:49:19,195 INFO app: calibration symbol=BNBUSDT interval=5m rows=200
2026-08-24 07:49:19,209 INFO app: calibration symbol=BTCUSDT interval=30m rows=200
2026-08-24 07:49:19,284 INFO app: calibration symbol=BNBUSDT interval=15m rows=200
2026-08-24 07:49:19,295 INFO app: calibration symbol=BTCUSDT interval=1h rows=200
2026-08-24 07:49:19,373 INFO app: calibration symbol=BNBUSDT interval=30m rows=200
2026-08-24 07:49:19,381 INFO app: calibration symbol=BTCUSDT interval=2h rows=200
2026-08-24 07:49:19,463 INFO app: calibration symbol=BNBUSDT interval=1h rows=200
2026-08-24 07:49:19,467 INFO app: calibration symbol=BTCUSDT interval=4h rows=200
2026-08-24 07:49:19,554 INFO app: calibration symbol=BNBUSDT interval=2h rows=200
2026-08-24 07:49:19,557 INFO app: calibration symbol=BTCUSDT interval=6h rows=200
2026-08-24 07:49:19,644 INFO app: calibration symbol=BTCUSDT interval=8h rows=200
2026-08-24 07:49:19,646 INFO app: calibration symbol=BNBUSDT interval=4h rows=200
2026-08-24 07:49:19,730 INFO app: calibration symbol=BTCUSDT interval=12h rows=200
2026-08-24 07:49:19,739 INFO app: calibration symbol=BNBUSDT interval=6h rows=200
2026-08-24 07:49:19,819 INFO app: calibration symbol=BTCUSDT interval=1d rows=200
2026-08-24 07:49:19,832 INFO app: calibration symbol=BNBUSDT interval=8h rows=200
2026-08-24 07:49:19,907 INFO app: calibration symbol=BTCUSDT interval=3d rows=200
2026-08-24 07:49:19,926 INFO app: calibration symbol=BNBUSDT interval=12h rows=200
2026-08-24 07:49:19,996 INFO app: calibration symbol=BTCUSDT interval=1w rows=200
2026-08-24 07:49:20,018 INFO app: calibration symbol=BNBUSDT interval=1d rows=200
2026-08-24 07:49:20,080 INFO app: calibration symbol=BTCUSDT interval=1M rows=109
2026-08-24 07:49:20,111 INFO app: calibration symbol=BNBUSDT interval=3d rows=200
2026-08-24 07:49:20,197 INFO app: calibration symbol=BNBUSDT interval=1w rows=200
2026-08-24 07:49:20,283 INFO app: calibration symbol=BNBUSDT interval=1M rows=106
2026-08-24 07:49:20,283 INFO app: tracking symbols=['BNBUSDT', 'BTCUSDT']
2026-08-24 07:49:20,367 INFO app: calibration symbol=BTCUSDT interval=1m rows=200
2026-08-24 07:49:20,459 INFO app: calibration symbol=BTCUSDT interval=3m rows=200
2026-08-24 07:49:20,549 INFO app: calibration symbol=BTCUSDT interval=5m rows=200
2026-08-24 07:49:20,641 INFO app: calibration symbol=BTCUSDT interval=15m rows=200
2026-08-24 07:49:20,728 INFO app: calibration symbol=BTCUSDT interval=30m rows=200
2026-08-24 07:49:20,821 INFO app: calibration symbol=BTCUSDT interval=1h rows=200
2026-08-24 07:49:20,908 INFO app: calibration symbol=BTCUSDT interval=2h rows=200
2026-08-24 07:49:21,000 INFO app: calibration symbol=BTCUSDT interval=4h rows=200
2026-08-24 07:49:21,089 INFO app: calibration symbol=BTCUSDT interval=6h rows=200
2026-08-24 07:49:21,181 INFO app: calibration symbol=BTCUSDT interval=8h rows=200
2026-08-24 07:49:21,270 INFO app: calibration symbol=BTCUSDT interval=12h rows=200
2026-08-24 07:49:21,362 INFO app: calibration symbol=BTCUSDT interval=1d rows=200
2026-08-24 07:49:21,451 INFO app: calibration symbol=BTCUSDT interval=3d rows=200
2026-08-24 07:49:21,545 INFO app: calibration symbol=BTCUSDT interval=1w rows=200
2026-08-24 07:49:21,628 INFO app: calibration symbol=BTCUSDT interval=1M rows=109
2026-08-24 07:49:21,720 INFO app: calibration symbol=BNBUSDT interval=1m rows=200
2026-08-24 07:49:21,805 INFO app: calibration symbol=BNBUSDT interval=3m rows=200
2026-08-24 07:49:21,895 INFO app: calibration symbol=BNBUSDT interval=5m rows=200
2026-08-24 07:49:21,979 INFO app: calibration symbol=BNBUSDT interval=15m rows=200
2026-08-24 07:49:22,069 INFO app: calibration symbol=BNBUSDT interval=30m rows=200
2026-08-24 07:49:22,154 INFO app: calibration symbol=BNBUSDT interval=1h rows=200
2026-08-24 07:49:22,244 INFO app: calibration symbol=BNBUSDT interval=2h rows=200
2026-08-24 07:49:22,330 INFO app: calibration symbol=BNBUSDT interval=4h rows=200
2026-08-24 07:49:22,422 INFO app: calibration symbol=BNBUSDT interval=6h rows=200
2026-08-24 07:49:22,508 INFO app: calibration symbol=BNBUSDT interval=8h rows=200
2026-08-24 07:49:22,599 INFO app: calibration symbol=BNBUSDT interval=12h rows=200
2026-08-24 07:49:22,685 INFO app: calibration symbol=BNBUSDT interval=1d rows=200
2026-08-24 07:49:22,777 INFO app: calibration symbol=BNBUSDT interval=3d rows=200
2026-08-24 07:49:22,863 INFO app: calibration symbol=BNBUSDT interval=1w rows=200
2026-08-24 07:49:22,950 INFO app: calibration symbol=BNBUSDT interval=1M rows=106
