2026-08-24 07:45:35,598 INFO calibration.BTCUSDT: calibration started intervals=1m,3m,5m,15m,30m,1h,2h,4h,6h,8h,12h,1d,3d,1w,1M
2026-08-24 07:45:35,697 INFO calibration.BTCUSDT: calibration completed interval=1m rows=200
2026-08-24 07:45:35,776 INFO calibration.BTCUSDT: calibration completed interval=3m rows=200
2026-08-24 07:45:35,856 INFO calibration.BTCUSDT: calibration completed interval=5m rows=200
2026-08-24 07:45:35,936 INFO calibration.BTCUSDT: calibration completed interval=15m rows=200
2026-08-24 07:45:36,014 INFO calibration.BTCUSDT: calibration completed interval=30m rows=200
2026-08-24 07:45:36,095 INFO calibration.BTCUSDT: calibration completed interval=1h rows=200
2026-08-24 07:45:36,180 INFO calibration.BTCUSDT: calibration completed interval=2h rows=200
2026-08-24 07:45:36,262 INFO calibration.BTCUSDT: calibration completed interval=4h rows=200
2026-08-24 07:45:36,341 INFO calibration.BTCUSDT: calibration completed interval=6h rows=200
2026-08-24 07:45:36,424 INFO calibration.BTCUSDT: calibration completed interval=8h rows=200
2026-08-24 07:45:36,502 INFO calibration.BTCUSDT: calibration completed interval=12h rows=200
2026-08-24 07:45:36,583 INFO calibration.BTCUSDT: calibration completed interval=1d rows=200
2026-08-24 07:45:36,663 INFO calibration.BTCUSDT: calibration completed interval=3d rows=200
2026-08-24 07:45:36,741 INFO calibration.BTCUSDT: calibration completed interval=1w rows=200
2026-08-24 07:45:36,817 INFO calibration.BTCUSDT: calibration completed interval=1M rows=109
2026-08-24 07:45:36,818 INFO calibration.BTCUSDT: calibration started intervals=1m,3m,5m,15m,30m,1h,2h,4h,6h,8h,12h,1d,3d,1w,1M
2026-08-24 07:45:36,895 INFO calibration.BTCUSDT: calibration completed interval=1m rows=200
2026-08-24 07:45:36,973 INFO calibration.BTCUSDT: calibration completed interval=3m rows=200
2026-08-24 07:45:37,050 INFO calibration.BTCUSDT: calibration completed interval=5m rows=200
2026-08-24 07:45:37,128 INFO calibration.BTCUSDT: calibration completed interval=15m rows=200
2026-08-24 07:45:37,205 INFO calibration.BTCUSDT: calibration completed interval=30m rows=200
2026-08-24 07:45:37,283 INFO calibration.BTCUSDT: calibration completed interval=1h rows=200
2026-08-24 07:45:37,360 INFO calibration.BTCUSDT: calibration completed interval=2h rows=200
2026-08-24 07:45:37,439 INFO calibration.BTCUSDT: calibration completed interval=4h rows=200
2026-08-24 07:45:37,518 INFO calibration.BTCUSDT: calibration completed interval=6h rows=200
2026-08-24 07:45:37,597 INFO calibration.BTCUSDT: calibration completed interval=8h rows=200
2026-08-24 07:45:37,674 INFO calibration.BTCUSDT: calibration completed interval=12h rows=200
2026-08-24 07:45:37,751 INFO calibration.BTCUSDT: calibration completed interval=1d rows=200
2026-08-24 07:45:37,830 INFO calibration.BTCUSDT: calibration completed interval=3d rows=200
2026-08-24 07:45:37,908 INFO calibration.BTCUSDT: calibration completed interval=1w rows=200
2026-08-24 07:45:37,983 INFO calibration.BTCUSDT: calibration completed interval=1M rows=109
2026-08-24 07:46:22,725 INFO calibration.BTCUSDT: calibration started intervals=1m,3m,5m,15m,30m,1h,2h,4h,6h,8h,12h,1d,3d,1w,1M
2026-08-24 07:46:22,821 INFO calibration.BTCUSDT: calibration completed interval=1m rows=200
2026-08-24 07:46:22,901 INFO calibration.BTCUSDT: calibration completed interval=3m rows=200
2026-08-24 07:46:22,979 INFO calibration.BTCUSDT: calibration completed interval=5m rows=200
2026-08-24 07:46:23,059 INFO calibration.BTCUSDT: calibration completed interval=15m rows=200
2026-08-24 07:46:23,139 INFO calibration.BTCUSDT: calibration completed interval=30m rows=200
2026-08-24 07:46:23,217 INFO calibration.BTCUSDT: calibration completed interval=1h rows=200
2026-08-24 07:46:23,299 INFO calibration.BTCUSDT: calibration completed interval=2h rows=200
2026-08-24 07:46:23,377 INFO calibration.BTCUSDT: calibration completed interval=4h rows=200
2026-08-24 07:46:23,457 INFO calibration.BTCUSDT: calibration completed interval=6h rows=200
2026-08-24 07:46:23,536 INFO calibration.BTCUSDT: calibration completed interval=8h rows=200
2026-08-24 07:46:23,613 INFO calibration.BTCUSDT: calibration completed interval=12h rows=200
2026-08-24 07:46:23,693 INFO calibration.BTCUSDT: calibration completed interval=1d rows=200
2026-08-24 07:46:23,778 INFO calibration.BTCUSDT: calibration completed interval=3d rows=200
2026-08-24 07:46:23,857 INFO calibration.BTCUSDT: calibration completed interval=1w rows=200
2026-08-24 07:46:23,934 INFO calibration.BTCUSDT: calibration completed interval=1M rows=109
2026-08-24 07:46:23,934 INFO calibration.BTCUSDT: calibration started intervals=1m,3m,5m,15m,30m,1h,2h,4h,6h,8h,12h,1d,3d,1w,1M
2026-08-24 07:46:24,012 INFO calibration.BTCUSDT: calibration completed interval=1m rows=200
2026-08-24 07:46:24,095 INFO calibration.BTCUSDT: calibration completed interval=3m rows=200
2026-08-24 07:46:24,173 INFO calibration.BTCUSDT: calibration completed interval=5m rows=200
2026-08-24 07:46:24,252 INFO calibration.BTCUSDT: calibration completed interval=15m rows=200
2026-08-24 07:46:24,331 INFO calibration.BTCUSDT: calibration completed interval=30m rows=200
2026-08-24 07:46:24,409 INFO calibration.BTCUSDT: calibration completed interval=1h rows=200
2026-08-24 07:46:24,623 INFO calibration.BTCUSDT: calibration completed interval=2h rows=200
2026-08-24 07:46:24,701 INFO calibration.BTCUSDT: calibration completed interval=4h rows=200
2026-08-24 07:46:24,985 INFO calibration.BTCUSDT: calibration completed interval=6h rows=200
2026-08-24 07:46:25,196 INFO calibration.BTCUSDT: calibration completed interval=8h rows=200
2026-08-24 07:46:25,411 INFO calibration.BTCUSDT: calibration completed interval=12h rows=200
2026-08-24 07:46:25,631 INFO calibration.BTCUSDT: calibration completed interval=1d rows=200
2026-08-24 07:46:25,709 INFO calibration.BTCUSDT: calibration completed interval=3d rows=200
2026-08-24 07:46:25,990 INFO calibration.BTCUSDT: calibration completed interval=1w rows=200
2026-08-24 07:46:26,067 INFO calibration.BTCUSDT: calibration completed interval=1M rows=109
2026-08-24 07:48:43,286 INFO calibration.BTCUSDT: calibration started intervals=1m,3m,5m,15m,30m,1h,2h,4h,6h,8h,12h,1d,3d,1w,1M
2026-08-24 07:48:43,396 INFO calibration.BTCUSDT: calibration completed interval=1m rows=200
2026-08-24 07:48:43,477 INFO calibration.BTCUSDT: calibration completed interval=3m rows=200
2026-08-24 07:48:43,556 INFO calibration.BTCUSDT: calibration completed interval=5m rows=200
2026-08-24 07:48:43,637 INFO calibration.BTCUSDT: calibration completed interval=15m rows=200
2026-08-24 07:48:43,718 INFO calibration.BTCUSDT: calibration completed interval=30m rows=200
2026-08-24 07:48:43,800 INFO calibration.BTCUSDT: calibration completed interval=1h rows=200
2026-08-24 07:48:43,881 INFO calibration.BTCUSDT: calibration completed interval=2h rows=200
2026-08-24 07:48:43,959 INFO calibration.BTCUSDT: calibration completed interval=4h rows=200
2026-08-24 07:48:44,037 INFO calibration.BTCUSDT: calibration completed interval=6h rows=200
2026-08-24 07:48:44,114 INFO calibration.BTCUSDT: calibration completed interval=8h rows=200
2026-08-24 07:48:44,190 INFO calibration.BTCUSDT: calibration completed interval=12h rows=200
2026-08-24 07:48:44,274 INFO calibration.BTCUSDT: calibration completed interval=1d rows=200
2026-08-24 07:48:44,353 INFO calibration.BTCUSDT: calibration completed interval=3d rows=200
2026-08-24 07:48:44,431 INFO calibration.BTCUSDT: calibration completed interval=1w rows=200
2026-08-24 07:48:44,506 INFO calibration.BTCUSDT: calibration completed interval=1M rows=109
2026-08-24 07:48:44,506 INFO calibration.BTCUSDT: calibration started intervals=1m,3m,5m,15m,30m,1h,2h,4h,6h,8h,12h,1d,3d,1w,1M
2026-08-24 07:48:44,583 INFO calibration.BTCUSDT: calibration completed interval=1m rows=200
2026-08-24 07:48:44,659 INFO calibration.BTCUSDT: calibration completed interval=3m rows=200
2026-08-24 07:48:44,735 INFO calibration.BTCUSDT: calibration completed interval=5m rows=200
2026-08-24 07:48:44,812 INFO calibration.BTCUSDT: calibration completed interval=15m rows=200
2026-08-24 07:48:44,888 INFO calibration.BTCUSDT: calibration completed interval=30m rows=200
2026-08-24 07:48:44,965 INFO calibration.BTCUSDT: calibration completed interval=1h rows=200
2026-08-24 07:48:45,044 INFO calibration.BTCUSDT: calibration completed interval=2h rows=200
2026-08-24 07:48:45,121 INFO calibration.BTCUSDT: calibration completed interval=4h rows=200
2026-08-24 07:48:45,199 INFO calibration.BTCUSDT: calibration completed interval=6h rows=200
2026-08-24 07:48:45,285 INFO calibration.BTCUSDT: calibration completed interval=8h rows=200
2026-08-24 07:48:45,362 INFO calibration.BTCUSDT: calibration completed interval=12h rows=200
2026-08-24 07:48:45,446 INFO calibration.BTCUSDT: calibration completed interval=1d rows=200
2026-08-24 07:48:45,526 INFO calibration.BTCUSDT: calibration completed interval=3d rows=200
2026-08-24 07:48:45,607 INFO calibration.BTCUSDT: calibration completed interval=1w rows=200
2026-08-24 07:48:45,682 INFO calibration.BTCUSDT: calibration completed interval=1M rows=109
2026-08-24 07:49:18,777 INFO calibration.BTCUSDT: calibration started intervals=1m,3m,5m,15m,30m,1h,2h,4h,6h,8h,12h,1d,3d,1w,1M
2026-08-24 07:49:18,860 INFO calibration.BTCUSDT: calibration completed interval=1m rows=200
2026-08-24 07:49:18,949 INFO calibration.BTCUSDT: calibration completed interval=3m rows=200
2026-08-24 07:49:19,036 INFO calibration.BTCUSDT: calibration completed interval=5m rows=200
2026-08-24 07:49:19,123 INFO calibration.BTCUSDT: calibration completed interval=15m rows=200
2026-08-24 07:49:19,209 INFO calibration.BTCUSDT: calibration completed interval=30m rows=200
2026-08-24 07:49:19,295 INFO calibration.BTCUSDT: calibration completed interval=1h rows=200
2026-08-24 07:49:19,381 INFO calibration.BTCUSDT: calibration completed interval=2h rows=200
2026-08-24 07:49:19,468 INFO calibration.BTCUSDT: calibration completed interval=4h rows=200
2026-08-24 07:49:19,557 INFO calibration.BTCUSDT: calibration completed interval=6h rows=200
2026-08-24 07:49:19,644 INFO calibration.BTCUSDT: calibration completed interval=8h rows=200
2026-08-24 07:49:19,731 INFO calibration.BTCUSDT: calibration completed interval=12h rows=200
2026-08-24 07:49:19,819 INFO calibration.BTCUSDT: calibration completed interval=1d rows=200
2026-08-24 07:49:19,907 INFO calibration.BTCUSDT: calibration completed interval=3d rows=200
2026-08-24 07:49:19,996 INFO calibration.BTCUSDT: calibration completed interval=1w rows=200
2026-08-24 07:49:20,080 INFO calibration.BTCUSDT: calibration completed interval=1M rows=109
2026-08-24 07:49:20,283 INFO calibration.BTCUSDT: calibration started intervals=1m,3m,5m,15m,30m,1h,2h,4h,6h,8h,12h,1d,3d,1w,1M
2026-08-24 07:49:20,367 INFO calibration.BTCUSDT: calibration completed interval=1m rows=200
2026-08-24 07:49:20,459 INFO calibration.BTCUSDT: calibration completed interval=3m rows=200
2026-08-24 07:49:20,549 INFO calibration.BTCUSDT: calibration completed interval=5m rows=200
2026-08-24 07:49:20,641 INFO calibration.BTCUSDT: calibration completed interval=15m rows=200
2026-08-24 07:49:20,728 INFO calibration.BTCUSDT: calibration completed interval=30m rows=200
2026-08-24 07:49:20,821 INFO calibration.BTCUSDT: calibration completed interval=1h rows=200
2026-08-24 07:49:20,909 INFO calibration.BTCUSDT: calibration completed interval=2h rows=200
2026-08-24 07:49:21,001 INFO calibration.BTCUSDT: calibration completed interval=4h rows=200
2026-08-24 07:49:21,090 INFO calibration.BTCUSDT: calibration completed interval=6h rows=200
2026-08-24 07:49:21,181 INFO calibration.BTCUSDT: calibration completed interval=8h rows=200
2026-08-24 07:49:21,270 INFO calibration.BTCUSDT: calibration completed interval=12h rows=200
2026-08-24 07:49:21,362 INFO calibration.BTCUSDT: calibration completed interval=1d rows=200
2026-08-24 07:49:21,451 INFO calibration.BTCUSDT: calibration completed interval=3d rows=200
2026-08-24 07:49:21,545 INFO calibration.BTCUSDT: calibration completed interval=1w rows=200
2026-08-24 07:49:21,628 INFO calibration.BTCUSDT: calibration completed interval=1M rows=109
